
> cv@0.1.0 build
> next build

  Γû▓ Next.js 14.2.15
  - Environments: .env.local

   Creating an optimized production build ...
 Γ£ô (pwa) Compiling for server...
 Γ£ô (pwa) Compiling for server...
 Γ£ô (pwa) Compiling for client (static)...
 Γùï (pwa) Service worker: C:\Users\Anbuselvan\Downloads\cv\public\sw.js
 Γùï (pwa)   URL: /sw.js
 Γùï (pwa)   Scope: /
node.exe :  ΓÜá Compiled 
with warnings
At line:1 char:1
+ & "C:\Program 
Files\nodejs/node.exe" 
"C:\Program 
Files\nodejs/node_mo ...
+ ~~~~~~~~~~~~~~~~~~~~~~~~~~~
~~~~~~~~~~~~~~~~~~~~~~~~~~~~~
~~~~~~~~~~~~~
    + CategoryInfo           
   : NotSpecified: ( ΓÜá Co  
  mpiled with warnings:Str   
 ing) [], RemoteException
    + FullyQualifiedErrorId  
   : NativeCommandError
 

./node_modules/@vladmandic/fa
ce-api/dist/face-api.esm.js
Critical dependency: require 
function is used in a way in 
which dependencies cannot be 
statically extracted

Import trace for requested 
module:
./node_modules/@vladmandic/fa
ce-api/dist/face-api.esm.js
./src/lib/FaceRecognition.ts
./src/components/ModelInitial
izer.tsx

./node_modules/@vladmandic/fa
ce-api/dist/face-api.esm.js
Critical dependency: require 
function is used in a way in 
which dependencies cannot be 
statically extracted

Import trace for requested 
module:
./node_modules/@vladmandic/fa
ce-api/dist/face-api.esm.js
./src/lib/FaceRecognition.ts
./src/components/CameraCaptur
e.tsx
./src/app/register/page.tsx

   Linting and checking validity of types ...

Failed to compile.

./src/app/admin/scan/page.tsx
10:10  Error: 'cn' is 
defined but never used.  @typ
escript-eslint/no-unused-vars
41:8  Warning: React Hook 
useEffect has missing 
dependencies: 
'onScanSuccess' and 
'router'. Either include 
them or remove the 
dependency array.  
react-hooks/exhaustive-deps
77:23  Error: Unexpected 
any. Specify a different 
type.  @typescript-eslint/no-
explicit-any
86:28  Error: 'error' is 
defined but never used.  @typ
escript-eslint/no-unused-vars
86:35  Error: Unexpected 
any. Specify a different 
type.  @typescript-eslint/no-
explicit-any
131:49  Error: `'` can be 
escaped with `&apos;`, 
`&lsquo;`, `&#39;`, 
`&rsquo;`.  
react/no-unescaped-entities
156:45  Warning: Using 
`<img>` could result in 
slower LCP and higher 
bandwidth. Consider using 
`<Image />` from 
`next/image` to 
automatically optimize 
images. This may incur 
additional usage or cost 
from your provider. See: http
s://nextjs.org/docs/messages/
no-img-element  
@next/next/no-img-element

./src/app/dashboard/page.tsx
6:94  Error: 'ChevronRight' 
is defined but never used.  @
typescript-eslint/no-unused-v
ars
55:8  Warning: React Hook 
useEffect has missing 
dependencies: 
'fetchStudents' and 
'router'. Either include 
them or remove the 
dependency array.  
react-hooks/exhaustive-deps
67:27  Error: 'error' is 
assigned a value but never 
used.  @typescript-eslint/no-
unused-vars
248:41  Warning: Using 
`<img>` could result in 
slower LCP and higher 
bandwidth. Consider using 
`<Image />` from 
`next/image` to 
automatically optimize 
images. This may incur 
additional usage or cost 
from your provider. See: http
s://nextjs.org/docs/messages/
no-img-element  
@next/next/no-img-element
462:57  Warning: Using 
`<img>` could result in 
slower LCP and higher 
bandwidth. Consider using 
`<Image />` from 
`next/image` to 
automatically optimize 
images. This may incur 
additional usage or cost 
from your provider. See: http
s://nextjs.org/docs/messages/
no-img-element  
@next/next/no-img-element
513:51  Error: Unexpected 
any. Specify a different 
type.  @typescript-eslint/no-
explicit-any
527:66  Error: Unexpected 
any. Specify a different 
type.  @typescript-eslint/no-
explicit-any
528:19  Error: Unexpected 
any. Specify a different 
type.  @typescript-eslint/no-
explicit-any

./src/app/login/page.tsx
7:10  Error: 'cn' is defined 
but never used.  @typescript-
eslint/no-unused-vars

./src/app/page.tsx
5:39  Error: 'Globe' is 
defined but never used.  @typ
escript-eslint/no-unused-vars

./src/app/register/page.tsx
11:39  Error: 'Wifi' is 
defined but never used.  @typ
escript-eslint/no-unused-vars
11:45  Error: 'WifiOff' is 
defined but never used.  @typ
escript-eslint/no-unused-vars
11:91  Error: 'QrCode' is 
defined but never used.  @typ
escript-eslint/no-unused-vars
42:17  Error: 'data' is 
assigned a value but never 
used.  @typescript-eslint/no-
unused-vars
73:49  Error: 'synced' is 
assigned a value but never 
used.  @typescript-eslint/no-
unused-vars
105:8  Warning: React Hook 
useEffect has a missing 
dependency: 'uploadImage'. 
Either include it or remove 
the dependency array.  
react-hooks/exhaustive-deps
154:48  Error: Unexpected 
any. Specify a different 
type.  @typescript-eslint/no-
explicit-any
210:23  Error: Unexpected 
any. Specify a different 
type.  @typescript-eslint/no-
explicit-any
404:37  Warning: Using 
`<img>` could result in 
slower LCP and higher 
bandwidth. Consider using 
`<Image />` from 
`next/image` to 
automatically optimize 
images. This may incur 
additional usage or cost 
from your provider. See: http
s://nextjs.org/docs/messages/
no-img-element  
@next/next/no-img-element

./src/components/CameraCaptur
e.tsx
39:22  Error: 'err' is 
defined but never used.  @typ
escript-eslint/no-unused-vars
46:12  Error: 
'stabilityCounter' is 
assigned a value but never 
used.  @typescript-eslint/no-
unused-vars

./src/components/ManualEntryF
orm.tsx
14:95  Error: Unexpected 
any. Specify a different 
type.  @typescript-eslint/no-
explicit-any

./src/components/ModelInitial
izer.tsx
11:12  Error: 'mounted' is 
assigned a value but never 
used.  @typescript-eslint/no-
unused-vars

./src/lib/DuplicateValidator.
ts
4:61  Error: 'faceEmbedding' 
is defined but never used.  @
typescript-eslint/no-unused-v
ars

./src/lib/FaceRecognition.ts
12:18  Error: Unexpected 
any. Specify a different 
type.  @typescript-eslint/no-
explicit-any
64:76  Error: Unexpected 
any. Specify a different 
type.  @typescript-eslint/no-
explicit-any
65:77  Error: Unexpected 
any. Specify a different 
type.  @typescript-eslint/no-
explicit-any
66:78  Error: Unexpected 
any. Specify a different 
type.  @typescript-eslint/no-
explicit-any
71:23  Error: Unexpected 
any. Specify a different 
type.  @typescript-eslint/no-
explicit-any
102:55  Error: Unexpected 
any. Specify a different 
type.  @typescript-eslint/no-
explicit-any

./src/lib/OCRProcessor.ts
99:17  Error: 'y' is never 
reassigned. Use 'const' 
instead.  prefer-const

./src/lib/offlineStorage.ts
31:43  Error: Unexpected 
any. Specify a different 
type.  @typescript-eslint/no-
explicit-any

info  - Need to disable some 
ESLint rules? Learn more 
here: https://nextjs.org/docs
/basic-features/eslint#disabl
ing-rules
